######## #########
#......###.......#############
#......|.|.......|...........#
#......###.......###########.#
######## ####|####         #.#################
            #R#            #.|...............#
            #.#            #.###############.#
            #.#            #.#             #.# 
            #.#            #.#             #.########
            #.#            #.#             #........#
            #.#            #.#             #.########
            #.#            #.#             #.#
#############|##############|###############|#############
#........................................................#
#........................................................#
#........................................................#
#.........h..............................................#
#........................................................#
#.@...........d.............R............................#
#........................................................#
#........................................................#
#..................s.....................................#
#........................................................#
#........................................................#
##########################################################